
============================================================
╧╨╬┬┼╨╩└ ─└══█╒ ╧╬╩╙╧└╥┼╦▀: 79787566405
============================================================

============================================================
1. ╧юшёъ фшёъюэЄэющ ърЁЄ√ яю ЄхыхЇюэє: 79787566405
============================================================
[OK] ═рщфхэр фшёъюэЄэр  ърЁЄр:
   Ref_Key: b0ed5080-bb1a-11f0-836e-fa163e4cc04e
   Code: 000004462
   Description: ╠шїрщыютр 79787566405
   ╩юф╩рЁЄ√╪ЄЁшїъюф: 79787566405
   ┬ырфхыхЎ╩рЁЄ√_Key: e824f1c0-bb10-11f0-836e-fa163e4cc04e

   ┬ёх яюы  ърЁЄ√:
     Code: 000004462
     DataVersion: AAAAAAAAAAA=
     DeletionMark: False
     Description: ╠шїрщыютр 79787566405
     Owner@navigationLinkUrl: Catalog_─шёъюэЄэ√х╩рЁЄ√(guid'b0ed5080-bb1a-11f0-836e-fa163e4cc04e')/Owner
     Owner_Key: 326610d8-ba54-11f0-836e-fa163e4cc04e
     Predefined: False
     PredefinedDataName: 
     Ref_Key: b0ed5080-bb1a-11f0-836e-fa163e4cc04e
     ┬ырфхыхЎ╩рЁЄ√@navigationLinkUrl: Catalog_─шёъюэЄэ√х╩рЁЄ√(guid'b0ed5080-bb1a-11f0-836e-fa163e4cc04e')/┬ырфхыхЎ╩рЁЄ√
     ┬ырфхыхЎ╩рЁЄ√_Key: e824f1c0-bb10-11f0-836e-fa163e4cc04e
     ╩рЁЄр═хфхщёЄтшЄхы№эр: False
     ╩юф╩рЁЄ√╠руэшЄэ√щ: 
     ╩юф╩рЁЄ√╪ЄЁшїъюф: 79787566405
     ╩юььхэЄрЁшщ: 

============================================================
2. ╧юыєўхэшх фрээ√ї ъюэЄЁрухэЄр: e824f1c0-bb10-11f0-836e-fa163e4cc04e
============================================================
[OK] ═рщфхэ ъюэЄЁрухэЄ:
   Ref_Key: e824f1c0-bb10-11f0-836e-fa163e4cc04e
   Code: ═╘-005097
   Description: ╠шїрщыютр ─єуьр

   ┬ёх яюы  ъюэЄЁрухэЄр:
     Code: ═╘-005097
     DataVersion: AAAAAAAAAAA=
     DeletionMark: False
     Description: ╠шїрщыютр ─єуьр
     IsFolder: False
     Parent@navigationLinkUrl: Catalog_╩юэЄЁрухэЄ√(guid'e824f1c0-bb10-11f0-836e-fa163e4cc04e')/Parent
     Parent_Key: 1543b406-bb08-11f0-836e-fa163e4cc04e
     Predefined: False
     PredefinedDataName: 
     Ref_Key: e824f1c0-bb10-11f0-836e-fa163e4cc04e
     └фЁхё▌╧─ы ╧юшёър: 
     ┴рэъютёъшщ╤ўхЄ╧ю╙ьюыўрэш■_Key: 00000000-0000-0000-0000-000000000000
     ┬ры■Єр╨рёўхЄют╧ю╙ьюыўрэш■_Key: 00000000-0000-0000-0000-000000000000
     ┬хёЄш╨рёўхЄ√╧ю─юуютюЁрь: True
     ┬хёЄш╨рёўхЄ√╧ю─юъєьхэЄрь: True
     ┬хёЄш╨рёўхЄ√╧ю╟рърчрь: True
     ┬хёЄш╙ўхЄ╬яырЄ√╧ю╤ўхЄрь: True
     ┬шф├юёєфрЁёЄтхээюую╬Ёурэр: 
     ┬шф╩юэЄЁрухэЄр: ╘шчшўхёъюх╦шЎю
     ├юыютэющ╩юэЄЁрухэЄ_Key: 00000000-0000-0000-0000-000000000000
     ├Ёєяяр─юёЄєяр_Key: 00000000-0000-0000-0000-000000000000
     ─рЄр╨юцфхэш : 0001-01-01T00:00:00
     ─рЄр╤ючфрэш : 2025-11-06T00:00:00
     ─юъєьхэЄ╙фюёЄютхЁ ■∙шщ╦шўэюёЄ№: 
     ─юяюыэшЄхы№э√х╨хътшчшЄ√: []
     ╚══: 
     ╚══┬тхфхэ╩юЁЁхъЄэю: True
     ╚ёЄюЁш ╩╧╧: []
     ╚ёЄюЁш ═ршьхэютрэшщ: []
     ╚ёЄюўэшъ╧Ёштыхўхэш ╧юъєярЄхы _Key: 00000000-0000-0000-0000-000000000000
     ╩╧╧: 
     ╩╧╧┬тхфхэ╩юЁЁхъЄэю: True
     ╩юф├юёєфрЁёЄтхээюую╬Ёурэр: 
     ╩юф╧ю╬╩╧╬: 
     ╩юььхэЄрЁшщ: 
     ╩юэЄръЄэр ╚эЇюЁьрЎш : [{'Ref_Key': 'e824f1c0-bb10-11f0-836e-fa163e4cc04e', 'LineNumber': '1', '╥шя': '└фЁхё', '┬шф_Key': 'e8220f9c-fdc8-11ef-8c0c-fa163e4cc04e', '╧ЁхфёЄртыхэшх': '╤шьЇхЁюяюы№', '╟эрўхэш ╧юыхщ': '<╩юэЄръЄэр ╚эЇюЁьрЎш  xmlns="http://www.v8.1c.ru/ssl/contactinfo" xmlns:xs="http://www.w3.org/2001/XMLSchema" xmlns:xsi="http://www.w3.org/2001/XMLSchema-instance" ╧ЁхфёЄртыхэшх="╤шьЇхЁюяюы№"><╤юёЄрт xsi:type="└фЁхё" ╤ЄЁрэр="╨юёёш "><╤юёЄрт xsi:type="└фЁхё╨╘"><╙ышЎр>╤шьЇхЁюяюы№</╙ышЎр></╤юёЄрт></╤юёЄрт></╩юэЄръЄэр ╚эЇюЁьрЎш >', '╤ЄЁрэр': '╨юёёш ', '╨хушюэ': '', '├юЁюф': '', '└фЁхё▌╧': '', '─юьхээюх╚ь ╤хЁтхЁр': '', '═юьхЁ╥хыхЇюэр': '', '═юьхЁ╥хыхЇюэр┴хч╩юфют': '', '╟эрўхэшх': '{\n"version": 4,\n"value": "╤шьЇхЁюяюы№",\n"type": "└фЁхё",\n"country": "╨юёёш ",\n"addressType": "┬╤тюсюфэющ╘юЁьх",\n"street": "╤шьЇхЁюяюы№"\n}', '─хщёЄтєхЄ╤': '0001-01-01T00:00:00', '╬сЁрЄэ√щ═юьхЁ╥хыхЇюэр': ''}, {'Ref_Key': 'e824f1c0-bb10-11f0-836e-fa163e4cc04e', 'LineNumber': '2', '╥шя': '╥хыхЇюэ', '┬шф_Key': 'e8220f38-fdc8-11ef-8c0c-fa163e4cc04e', '╧ЁхфёЄртыхэшх': '+79787566405', '╟эрўхэш ╧юыхщ': '<╩юэЄръЄэр ╚эЇюЁьрЎш  xmlns="http://www.v8.1c.ru/ssl/contactinfo" xmlns:xs="http://www.w3.org/2001/XMLSchema" xmlns:xsi="http://www.w3.org/2001/XMLSchema-instance" ╧ЁхфёЄртыхэшх="+79787566405"><╤юёЄрт xsi:type="═юьхЁ╥хыхЇюэр" ╩юф╤ЄЁрэ√="" ╩юф├юЁюфр="" ═юьхЁ="+79787566405" ─юсртюўэ√щ=""/></╩юэЄръЄэр ╚эЇюЁьрЎш >', '╤ЄЁрэр': '', '╨хушюэ': '', '├юЁюф': '', '└фЁхё▌╧': '', '─юьхээюх╚ь ╤хЁтхЁр': '', '═юьхЁ╥хыхЇюэр': '79787566405', '═юьхЁ╥хыхЇюэр┴хч╩юфют': '79787566405', '╟эрўхэшх': '{\n"version": 4,\n"value": "+79787566405",\n"type": "╥хыхЇюэ",\n"number": "+79787566405"\n}', '─хщёЄтєхЄ╤': '0001-01-01T00:00:00', '╬сЁрЄэ√щ═юьхЁ╥хыхЇюэр': '5046657879'}]
     ╩юэЄръЄэюх╦шЎю_Key: 00000000-0000-0000-0000-000000000000
     ╩юэЄръЄэюх╦шЎю╧юфяшёрэЄ_Key: 00000000-0000-0000-0000-000000000000
     ═ршьхэютрэшх╧юыэюх: ╠шїрщыютр ─єуьр
     ═хфхщёЄтшЄхыхэ: False
     ═юьхЁ╥хыхЇюэр─ы ╧юшёър: 79787566405
     ╬ёэютэ√х╤тхфхэш : ╠шїрщыютр ─єуьр
+79787566405
╤шьЇхЁюяюы№
     ╬ёэютэ√х╤тхфхэш └ъЄєрышчшЁютрэ√: False
     ╬ЄтхЄёЄтхээ√щ_Key: 00000000-0000-0000-0000-000000000000
     ╧юъєярЄхы№: True
     ╧юы: 
     ╧юёЄрт∙шъ: False
     ╧Ёюўшх╬Єэю°хэш : False
     ╨рёўхЄ√┬╙ёыютэ√ї┼фшэшЎрї╧ю╙ьюыўрэш■: False
     ╨хушёЄЁрЎшюээ√щ═юьхЁ: 
     ╤рьючрэ Є√щ: False
     ╤тшфхЄхы№ёЄтю─рЄр┬√фрўш: 0001-01-01T00:00:00
     ╤тшфхЄхы№ёЄтю╤хЁш ═юьхЁ: 
     ╤яюёюс╟рўхЄр╧ЁхфюяырЄ√╧ю╙ьюыўрэш■: 
     ╤яюёюс╨рчэхёхэш ╬яырЄ√╧ю╙ьюыўрэш■: 
     ╤ЄрЄ№ ──╤╧ю╙ьюыўрэш■_Key: 00000000-0000-0000-0000-000000000000
     ╤ЄЁрэр╨хушёЄЁрЎшш@navigationLinkUrl: Catalog_╩юэЄЁрухэЄ√(guid'e824f1c0-bb10-11f0-836e-fa163e4cc04e')/╤ЄЁрэр╨хушёЄЁрЎшш
     ╤ЄЁрэр╨хушёЄЁрЎшш_Key: e579be52-fdc8-11ef-8c0c-fa163e4cc04e
     ╤ўхЄ╙ўхЄр└трэёют╧юъєярЄхы @navigationLinkUrl: Catalog_╩юэЄЁрухэЄ√(guid'e824f1c0-bb10-11f0-836e-fa163e4cc04e')/╤ўхЄ╙ўхЄр└трэёют╧юъєярЄхы 
     ╤ўхЄ╙ўхЄр└трэёют╧юъєярЄхы _Key: e5932da6-fdc8-11ef-8c0c-fa163e4cc04e
     ╤ўхЄ╙ўхЄр└трэёют╧юёЄрт∙шъє@navigationLinkUrl: Catalog_╩юэЄЁрухэЄ√(guid'e824f1c0-bb10-11f0-836e-fa163e4cc04e')/╤ўхЄ╙ўхЄр└трэёют╧юёЄрт∙шъє
     ╤ўхЄ╙ўхЄр└трэёют╧юёЄрт∙шъє_Key: e5932d2e-fdc8-11ef-8c0c-fa163e4cc04e
     ╤ўхЄ╙ўхЄр╨рёўхЄют╤╧юъєярЄхыхь@navigationLinkUrl: Catalog_╩юэЄЁрухэЄ√(guid'e824f1c0-bb10-11f0-836e-fa163e4cc04e')/╤ўхЄ╙ўхЄр╨рёўхЄют╤╧юъєярЄхыхь
     ╤ўхЄ╙ўхЄр╨рёўхЄют╤╧юъєярЄхыхь_Key: e5932d7e-fdc8-11ef-8c0c-fa163e4cc04e
     ╤ўхЄ╙ўхЄр╨рёўхЄют╤╧юёЄрт∙шъюь@navigationLinkUrl: Catalog_╩юэЄЁрухэЄ√(guid'e824f1c0-bb10-11f0-836e-fa163e4cc04e')/╤ўхЄ╙ўхЄр╨рёўхЄют╤╧юёЄрт∙шъюь
     ╤ўхЄ╙ўхЄр╨рёўхЄют╤╧юёЄрт∙шъюь_Key: e5932cfc-fdc8-11ef-8c0c-fa163e4cc04e
     ╥хуш: []
     ╙фрышЄ№└фЁхё▌╧: 
     ╙фрышЄ№─юуютюЁ╧ю╙ьюыўрэш■_Key: 00000000-0000-0000-0000-000000000000
     ╙фрышЄ№═юьхЁ╥хыхЇюэр: 
     ╘╚╬: ╠шїрщыютр ─єуьр
     ▐Ёшфшўхёъюх╘шчшўхёъюх╦шЎю: ╘шчшўхёъюх╦шЎю

============================================================
3. ╧юыєўхэшх срырэёр сюэєёют
============================================================

   ╧юя√Єър Їшы№ЄЁрЎшш яю яюы■: ┴юэєёэр ╩рЁЄр_Key
[OK] ═рщфхэю чряшёхщ: 12

   ╧хЁт√х чряшёш:

   ╟ряшё№ 1:
     Active: True
     LineNumber: 2
     Period: 2027-01-16T00:00:00
     RecordType: Receipt
     Recorder: 69387ff8-f2fb-11f0-81da-fa163e4cc04e
     Recorder_Type: StandardODATA.Document_╫хъ╩╩╠
     ┴юэєёэр ╩рЁЄр@navigationLinkUrl: AccumulationRegister_┴юэєёэ√х┴рыы√_RecordType(Recorder='69387ff8-f2fb-11f0-81da-fa163e4cc04e', Recorder_Type='StandardODATA.Document_╫хъ╩╩╠', LineNumber=2)/┴юэєёэр ╩рЁЄр
     ┴юэєёэр ╩рЁЄр_Key: b0ed5080-bb1a-11f0-836e-fa163e4cc04e
     ─рЄр╧хЁтюэрўры№эюую═рўшёыхэш : 2026-01-16T00:00:00
     ╩╤яшёрэш■: 4806
     ═рўшёыхэю: 0

   ╟ряшё№ 2:
     Active: True
     LineNumber: 4
     Period: 2026-11-15T00:00:00
     RecordType: Expense
     Recorder: 69387ff8-f2fb-11f0-81da-fa163e4cc04e
     Recorder_Type: StandardODATA.Document_╫хъ╩╩╠
     ┴юэєёэр ╩рЁЄр@navigationLinkUrl: AccumulationRegister_┴юэєёэ√х┴рыы√_RecordType(Recorder='69387ff8-f2fb-11f0-81da-fa163e4cc04e', Recorder_Type='StandardODATA.Document_╫хъ╩╩╠', LineNumber=4)/┴юэєёэр ╩рЁЄр
venv\Scripts\python : C:\GLAME AI platform\backend\test_customer_data.py:229: DeprecationWarning: datetime.datetime.utc
now() is deprecated and scheduled for removal in a future version. Use timezone-aware objects to represent datetimes in
 UTC: datetime.datetime.now(datetime.UTC).
C:\Users\takeg\AppData\Local\Temp\ps-script-3c14fd92-2e02-4809-879e-38db37c1d7d6.ps1:83 знак:1
+ venv\Scripts\python test_customer_data.py --phone 79787566405 > test_ ...
+ ~~~~~~~~~~~~~~~~~~~~~~~~~~~~~~~~~~~~~~~~~~~~~~~~~~~~~~~~~~~~~~~~~~~~~
    + CategoryInfo          : NotSpecified: (C:\GLAME AI pla...(datetime.UTC).:String) [], RemoteException
    + FullyQualifiedErrorId : NativeCommandError
 
  end_date = datetime.utcnow()
     ┴юэєёэр ╩рЁЄр_Key: b0ed5080-bb1a-11f0-836e-fa163e4cc04e
     ─рЄр╧хЁтюэрўры№эюую═рўшёыхэш : 2025-11-15T00:00:00
     ╩╤яшёрэш■: 1433
     ═рўшёыхэю: 0

   ╟ряшё№ 3:
     Active: True
     LineNumber: 2
     Period: 2026-11-15T00:00:00
     RecordType: Receipt
     Recorder: a54ef4ae-c20e-11f0-8314-fa163e4cc04e
     Recorder_Type: StandardODATA.Document_╫хъ╩╩╠
     ┴юэєёэр ╩рЁЄр@navigationLinkUrl: AccumulationRegister_┴юэєёэ√х┴рыы√_RecordType(Recorder='a54ef4ae-c20e-11f0-8314-fa163e4cc04e', Recorder_Type='StandardODATA.Document_╫хъ╩╩╠', LineNumber=2)/┴юэєёэр ╩рЁЄр
     ┴юэєёэр ╩рЁЄр_Key: b0ed5080-bb1a-11f0-836e-fa163e4cc04e
     ─рЄр╧хЁтюэрўры№эюую═рўшёыхэш : 2025-11-15T00:00:00
     ╩╤яшёрэш■: 1433
     ═рўшёыхэю: 0

   ╟ряшё№ 4:
     Active: True
     LineNumber: 4
     Period: 2026-11-12T00:00:00
     RecordType: Expense
     Recorder: a54ef4ae-c20e-11f0-8314-fa163e4cc04e
     Recorder_Type: StandardODATA.Document_╫хъ╩╩╠
     ┴юэєёэр ╩рЁЄр@navigationLinkUrl: AccumulationRegister_┴юэєёэ√х┴рыы√_RecordType(Recorder='a54ef4ae-c20e-11f0-8314-fa163e4cc04e', Recorder_Type='StandardODATA.Document_╫хъ╩╩╠', LineNumber=4)/┴юэєёэр ╩рЁЄр
     ┴юэєёэр ╩рЁЄр_Key: b0ed5080-bb1a-11f0-836e-fa163e4cc04e
     ─рЄр╧хЁтюэрўры№эюую═рўшёыхэш : 2025-11-12T00:00:00
     ╩╤яшёрэш■: 2502
     ═рўшёыхэю: 0

   ╟ряшё№ 5:
     Active: True
     LineNumber: 2
     Period: 2026-11-12T00:00:00
     RecordType: Receipt
     Recorder: d2230918-bfd2-11f0-80bc-fa163e4cc04e
     Recorder_Type: StandardODATA.Document_╫хъ╩╩╠
     ┴юэєёэр ╩рЁЄр@navigationLinkUrl: AccumulationRegister_┴юэєёэ√х┴рыы√_RecordType(Recorder='d2230918-bfd2-11f0-80bc-fa163e4cc04e', Recorder_Type='StandardODATA.Document_╫хъ╩╩╠', LineNumber=2)/┴юэєёэр ╩рЁЄр
     ┴юэєёэр ╩рЁЄр_Key: b0ed5080-bb1a-11f0-836e-fa163e4cc04e
     ─рЄр╧хЁтюэрўры№эюую═рўшёыхэш : 2025-11-12T00:00:00
     ╩╤яшёрэш■: 2502
     ═рўшёыхэю: 0

   [BALANCE] ╬ёЄрЄюъ сюэєёют (╩╤яшёрэш■): 4806
      ═рўшёыхэю: 0, ╩ ёяшёрэш■: 4806

============================================================
4. ╧юыєўхэшх яЁюфрц яю фшёъюэЄэющ ърЁЄх (чр 365 фэхщ)
============================================================

   ╧юя√Єър: AccumulationRegister_╧Ёюфрцш╧ю─шёъюэЄэ√ь╩рЁЄрь_RecordType ё яюыхь ─шёъюэЄэр ╩рЁЄр_Key
[OK] ═рщфхэю яЁюфрц: 26
   [SUM] ╬с∙р  ёєььр (чр 365 фэхщ): 132,694.00 Ёєс
   [QTY] ╬с∙хх ъюышўхёЄтю: 31.0
   [CNT] ╩юышўхёЄтю яюъєяюъ: 25 (шч 26 тёхую)

   ╧хЁт√х чряшёш:

   ╟ряшё№ 1:
     Active: True
     LineNumber: 13
     Period: 2026-01-16T21:01:11
     Recorder: 411bc392-f2a9-11f0-81da-fa163e4cc04e
     Recorder_Type: StandardODATA.Document_╬ЄўхЄ╬╨ючэшўэ√ї╧Ёюфрцрї
     ┬ырфхыхЎ╩рЁЄ√@navigationLinkUrl: AccumulationRegister_╧Ёюфрцш╧ю─шёъюэЄэ√ь╩рЁЄрь_RecordType(Recorder='411bc392-f2a9-11f0-81da-fa163e4cc04e', Recorder_Type='StandardODATA.Document_╬ЄўхЄ╬╨ючэшўэ√ї╧Ёюфрцрї', LineNumber=13)/┬ырфхыхЎ╩рЁЄ√
     ┬ырфхыхЎ╩рЁЄ√_Key: e824f1c0-bb10-11f0-836e-fa163e4cc04e
     ─шёъюэЄэр ╩рЁЄр@navigationLinkUrl: AccumulationRegister_╧Ёюфрцш╧ю─шёъюэЄэ√ь╩рЁЄрь_RecordType(Recorder='411bc392-f2a9-11f0-81da-fa163e4cc04e', Recorder_Type='StandardODATA.Document_╬ЄўхЄ╬╨ючэшўэ√ї╧Ёюфрцрї', LineNumber=13)/─шёъюэЄэр ╩рЁЄр
     ─шёъюэЄэр ╩рЁЄр_Key: b0ed5080-bb1a-11f0-836e-fa163e4cc04e
     ╩юышўхёЄтю: 4
     ═юьхэъырЄєЁр@navigationLinkUrl: AccumulationRegister_╧Ёюфрцш╧ю─шёъюэЄэ√ь╩рЁЄрь_RecordType(Recorder='411bc392-f2a9-11f0-81da-fa163e4cc04e', Recorder_Type='StandardODATA.Document_╬ЄўхЄ╬╨ючэшўэ√ї╧Ёюфрцрї', LineNumber=13)/═юьхэъырЄєЁр
     ═юьхэъырЄєЁр_Key: 22359e5e-bdab-11f0-9138-fa163e4cc04e
     ╤ъшфър: 0
     ╤єььр: 3.92
     ╒рЁръЄхЁшёЄшър_Key: 00000000-0000-0000-0000-000000000000

   ╟ряшё№ 2:
     Active: True
     LineNumber: 12
     Period: 2026-01-16T21:01:11
     Recorder: 411bc392-f2a9-11f0-81da-fa163e4cc04e
     Recorder_Type: StandardODATA.Document_╬ЄўхЄ╬╨ючэшўэ√ї╧Ёюфрцрї
     ┬ырфхыхЎ╩рЁЄ√@navigationLinkUrl: AccumulationRegister_╧Ёюфрцш╧ю─шёъюэЄэ√ь╩рЁЄрь_RecordType(Recorder='411bc392-f2a9-11f0-81da-fa163e4cc04e', Recorder_Type='StandardODATA.Document_╬ЄўхЄ╬╨ючэшўэ√ї╧Ёюфрцрї', LineNumber=12)/┬ырфхыхЎ╩рЁЄ√
     ┬ырфхыхЎ╩рЁЄ√_Key: e824f1c0-bb10-11f0-836e-fa163e4cc04e
     ─шёъюэЄэр ╩рЁЄр@navigationLinkUrl: AccumulationRegister_╧Ёюфрцш╧ю─шёъюэЄэ√ь╩рЁЄрь_RecordType(Recorder='411bc392-f2a9-11f0-81da-fa163e4cc04e', Recorder_Type='StandardODATA.Document_╬ЄўхЄ╬╨ючэшўэ√ї╧Ёюфрцрї', LineNumber=12)/─шёъюэЄэр ╩рЁЄр
     ─шёъюэЄэр ╩рЁЄр_Key: b0ed5080-bb1a-11f0-836e-fa163e4cc04e
     ╩юышўхёЄтю: 1
     ═юьхэъырЄєЁр@navigationLinkUrl: AccumulationRegister_╧Ёюфрцш╧ю─шёъюэЄэ√ь╩рЁЄрь_RecordType(Recorder='411bc392-f2a9-11f0-81da-fa163e4cc04e', Recorder_Type='StandardODATA.Document_╬ЄўхЄ╬╨ючэшўэ√ї╧Ёюфрцрї', LineNumber=12)/═юьхэъырЄєЁр
     ═юьхэъырЄєЁр_Key: 2169e1d8-bdab-11f0-9138-fa163e4cc04e
     ╤ъшфър: 0
     ╤єььр: 0.98
     ╒рЁръЄхЁшёЄшър_Key: 00000000-0000-0000-0000-000000000000

   ╟ряшё№ 3:
     Active: True
     LineNumber: 11
     Period: 2026-01-16T21:01:11
     Recorder: 411bc392-f2a9-11f0-81da-fa163e4cc04e
     Recorder_Type: StandardODATA.Document_╬ЄўхЄ╬╨ючэшўэ√ї╧Ёюфрцрї
     ┬ырфхыхЎ╩рЁЄ√@navigationLinkUrl: AccumulationRegister_╧Ёюфрцш╧ю─шёъюэЄэ√ь╩рЁЄрь_RecordType(Recorder='411bc392-f2a9-11f0-81da-fa163e4cc04e', Recorder_Type='StandardODATA.Document_╬ЄўхЄ╬╨ючэшўэ√ї╧Ёюфрцрї', LineNumber=11)/┬ырфхыхЎ╩рЁЄ√
     ┬ырфхыхЎ╩рЁЄ√_Key: e824f1c0-bb10-11f0-836e-fa163e4cc04e
     ─шёъюэЄэр ╩рЁЄр@navigationLinkUrl: AccumulationRegister_╧Ёюфрцш╧ю─шёъюэЄэ√ь╩рЁЄрь_RecordType(Recorder='411bc392-f2a9-11f0-81da-fa163e4cc04e', Recorder_Type='StandardODATA.Document_╬ЄўхЄ╬╨ючэшўэ√ї╧Ёюфрцрї', LineNumber=11)/─шёъюэЄэр ╩рЁЄр
     ─шёъюэЄэр ╩рЁЄр_Key: b0ed5080-bb1a-11f0-836e-fa163e4cc04e
     ╩юышўхёЄтю: 1
     ═юьхэъырЄєЁр@navigationLinkUrl: AccumulationRegister_╧Ёюфрцш╧ю─шёъюэЄэ√ь╩рЁЄрь_RecordType(Recorder='411bc392-f2a9-11f0-81da-fa163e4cc04e', Recorder_Type='StandardODATA.Document_╬ЄўхЄ╬╨ючэшўэ√ї╧Ёюфрцрї', LineNumber=11)/═юьхэъырЄєЁр
     ═юьхэъырЄєЁр_Key: 2188f2de-ba46-11f0-836e-fa163e4cc04e
     ╤ъшфър: 0
     ╤єььр: 14579.22
     ╒рЁръЄхЁшёЄшър@navigationLinkUrl: AccumulationRegister_╧Ёюфрцш╧ю─шёъюэЄэ√ь╩рЁЄрь_RecordType(Recorder='411bc392-f2a9-11f0-81da-fa163e4cc04e', Recorder_Type='StandardODATA.Document_╬ЄўхЄ╬╨ючэшўэ√ї╧Ёюфрцрї', LineNumber=11)/╒рЁръЄхЁшёЄшър
     ╒рЁръЄхЁшёЄшър_Key: 224e7130-ba46-11f0-836e-fa163e4cc04e

============================================================
╬сэрЁєцхэр ЁрчэшЎр т ёєььрї: 232,360.00 Ёєс
╧юшёъ фюъєьхэЄют яхЁхэюёр фрээ√ї...
============================================================

============================================================
╧юшёъ фюъєьхэЄют яхЁхэюёр/ьшуЁрЎшш фрээ√ї
============================================================
   ╬цшфрхьр  ёєььр яхЁхэюёр: 232,360.00 Ёєс

   ╧ЁютхЁър Єшяр фюъєьхэЄр: Document_┬тюф╬ёЄрЄъют
HTTP ю°шсър 404: {
"odata.error": {
"code": "8",
"message": {
"lang": "ru",
"value": "╤є∙эюёЄ№ 'Document_┬тюф╬ёЄрЄъют' эх эрщфхэр"
}
}
}
   [INFO] ╥шя фюъєьхэЄр Document_┬тюф╬ёЄрЄъют эх ёє∙хёЄтєхЄ т ёшёЄхьх

   ╧ЁютхЁър Єшяр фюъєьхэЄр: Document_┬тюф═рўры№э√ї╬ёЄрЄъют
   [OK] ═рщфхэю фюъєьхэЄют: 2

   ─юъєьхэЄ: ═╘═╘-000002
     Date: 2025-11-09T19:00:00
     Ref_Key: de8e1a14-ecda-11f0-8964-fa163e4cc04e
     Posted: False

   ─юъєьхэЄ: ═╘═╘-000001
     Date: 2025-11-08T00:00:00
     Ref_Key: 7f519352-bce5-11f0-9138-fa163e4cc04e
     Posted: True

   ╧ЁютхЁър Єшяр фюъєьхэЄр: Document_╧хЁтюэрўры№э√х─рээ√х
HTTP ю°шсър 404: {
"odata.error": {
"code": "8",
"message": {
"lang": "ru",
"value": "╤є∙эюёЄ№ 'Document_╧хЁтюэрўры№э√х─рээ√х' эх эрщфхэр"
}
}
}
   [INFO] ╥шя фюъєьхэЄр Document_╧хЁтюэрўры№э√х─рээ√х эх ёє∙хёЄтєхЄ т ёшёЄхьх

   ╧ЁютхЁър Єшяр фюъєьхэЄр: Document_╠шуЁрЎш ─рээ√ї
HTTP ю°шсър 404: {
"odata.error": {
"code": "8",
"message": {
"lang": "ru",
"value": "╤є∙эюёЄ№ 'Document_╠шуЁрЎш ─рээ√ї' эх эрщфхэр"
}
}
}
   [INFO] ╥шя фюъєьхэЄр Document_╠шуЁрЎш ─рээ√ї эх ёє∙хёЄтєхЄ т ёшёЄхьх

   ╧ЁютхЁър Єшяр фюъєьхэЄр: Document_╧хЁхэюё─рээ√ї
HTTP ю°шсър 404: {
"odata.error": {
"code": "8",
"message": {
"lang": "ru",
"value": "╤є∙эюёЄ№ 'Document_╧хЁхэюё─рээ√ї' эх эрщфхэр"
}
}
}
Traceback (most recent call last):
  File "C:\GLAME AI platform\backend\test_customer_data.py", line 751, in check_our_database
    print(f"   Total spent: {user.total_spent} (ъюяххъ) = {user.total_spent / 100:.2f} \u20bd")
  File "C:\Users\takeg\anaconda3\Lib\encodings\cp1251.py", line 19, in encode
    return codecs.charmap_encode(input,self.errors,encoding_table)[0]
           ^^^^^^^^^^^^^^^^^^^^^^^^^^^^^^^^^^^^^^^^^^^^^^^^^^^^^^^
UnicodeEncodeError: 'charmap' codec can't encode character '\u20bd' in position 46: character maps to <undefined>
   [INFO] ╥шя фюъєьхэЄр Document_╧хЁхэюё─рээ√ї эх ёє∙хёЄтєхЄ т ёшёЄхьх

============================================================
╧юшёъ т ЁхушёЄЁрї эръюяыхэш  яю ёєььх
============================================================

   └эрышч 26 чряшёхщ яЁюфрц...

   [FOUND] ═рщфхэр чряшё№ ё яюїюцхщ ёєььющ:
     Period: 2023-07-31T00:00:00
     ╤єььр: 232,360.00 Ёєс
     Recorder: 7f519352-bce5-11f0-9138-fa163e4cc04e
     Recorder_Type: StandardODATA.Document_┬тюф═рўры№э√ї╬ёЄрЄъют
     ╩юышўхёЄтю: 1

     ─хЄрыш фюъєьхэЄр:
       Number: ═╘═╘-000001
       Date: 2025-11-08T00:00:00
       Posted: True
     [OK] ─юъєьхэЄ яхЁхэюёр фюсртыхэ (ёєььр шч ЁхушёЄЁр: 232,360.00 Ёєс)

============================================================
4.1. └эрышч ЄютрЁют ш яЁютхЁър ёт чш ё ърЄрыюуюь GLAME
============================================================
   [SKIP] ╥ютрЁ яЁюяє∙хэ (єяръютър): ╠х°юўхъ ьры√щ Kalliope (рЁЄшъєы: ═╘-00002276)
   [SKIP] ╥ютрЁ яЁюяє∙хэ (єяръютър): NEW ╧ръхЄ GLAME (silver) (рЁЄшъєы: ═╘-00002275)
   [OK] ╥ютрЁ: ┴ЁрёыхЄ Kalliope ё ■тхышЁэющ ёьюыющ схыюую ЎтхЄр (рЁЄшъєы: ═╘-00001238) -> ╤┬▀╟└═ ё GLAME: ┴ЁрёыхЄ Kalliope ё ■тхышЁэющ ёьюыющ схыюую ЎтхЄр
   [SKIP] ╥ютрЁ яЁюяє∙хэ (єяръютър): ╤рыЇхЄър GLAME (рЁЄшъєы: ═╘-00002273)
   [OK] ╥ютрЁ: ╤хЁ№уш Kalliope ръЎхэЄэ√х ё яЁючЁрўэющ ■тхышЁэющ ё (рЁЄшъєы: ═╘-00001237) -> ╤┬▀╟└═ ё GLAME: ╤хЁ№уш Kalliope ръЎхэЄэ√х ё яЁючЁрўэющ ■тхышЁэющ ёьюыющ чхыхэюую ЎтхЄр
   [OK] ╥ютрЁ: ╤хЁ№уш Kalliope ръЎхэЄэ√х ё схыющ ■тхышЁэющ ёьюыющ (рЁЄшъєы: ═╘-00001236) -> ╤┬▀╟└═ ё GLAME: ╤хЁ№уш Kalliope ръЎхэЄэ√х ё схыющ ■тхышЁэющ ёьюыющ
   [SKIP] ╥ютрЁ яЁюяє∙хэ (єяръютър): ╠х°юўхъ GLAME ьрыхэ№ъшщ 10*12 (рЁЄшъєы: ═╘-00002283)
   [OK] ╥ютрЁ: ┴ЁрёыхЄ Kalliope ё яЁючЁрўэющ ■тхышЁэющ ёьюыющ чхы (рЁЄшъєы: ═╘-00001239) -> ╤┬▀╟└═ ё GLAME: ┴ЁрёыхЄ Kalliope ё яЁючЁрўэющ ■тхышЁэющ ёьюыющ чхыхэюую ЎтхЄр
   [OK] ╥ютрЁ: ╤хЁ№уш Bicolor ъюэую яюы√х т сшъюыюЁх (рЁЄшъєы: ═╘-00002069) -> ╤┬▀╟└═ ё GLAME: ╤хЁ№уш Bicolor ъюэую яюы√х т сшъюыюЁх
   [OK] ╥ютрЁ: ╩єыюэ Bicolor ЄЁрэёЇюЁьхЁ ё Ўхя№■ Ёюыыю (рЁЄшъєы: ═╘-00001611) -> ╤┬▀╟└═ ё GLAME: ╩єыюэ Bicolor ЄЁрэёЇюЁьхЁ ё Ўхя№■ Ёюыыю

[SUMMARY] └эрышч ЄютрЁют:
   ┬ёхую єэшъры№э√ї ЄютрЁют: 6
   ╤т чрэю ё ърЄрыюуюь GLAME: 6
   ═х ёт чрэю: 0
   ╧ЁюЎхэЄ ёт чрээ√ї: 100%

============================================================
5. ╧ЁютхЁър фрээ√ї т эр°хщ ┴─
============================================================
[OK] ═рщфхэ яюы№чютрЄхы№:
   ID: 0fe8bc01-aaba-4c5e-8aef-5fa2f666d96d
   Phone: 79787566405
   Full name: ╠шїрщыютр ─єуьр
   Email: None
   Discount card number: 79787566405
   Discount card ID 1C: b0ed5080-bb1a-11f0-836e-fa163e4cc04e
   Customer ID 1C: e824f1c0-bb10-11f0-836e-fa163e4cc04e
   Loyalty points: 4806
   Total purchases: 26
[ERROR] ╬°шсър яЁш яЁютхЁъх ┴─: 'charmap' codec can't encode character '\u20bd' in position 46: character maps to <undefined>
[INFO] ├юЁюф эрщфхэ т ╬ёэютэ√х╤тхфхэш : ╤шьЇхЁюяюы№

============================================================
7. ╤╨└┬═┼═╚┼ ─└══█╒
============================================================

[CITY] ├╬╨╬─:
   1╤: ╤шьЇхЁюяюы№

[BONUSES] ┴╬═╙╤█:
   1╤: 4806 срыыют

[SALES] ╧╨╬─└╞╚:
   1╤ API (Єхъє∙шх): 132,694.00 Ёєс, 25 яюъєяюъ

[MIGRATION] ─╬╩╙╠┼═╥█ ╧┼╨┼═╬╤└ ─└══█╒:
   ═рщфхэю фюъєьхэЄют яхЁхэюёр: 3

   ─юъєьхэЄ 1:
     ╥шя: Document_┬тюф═рўры№э√ї╬ёЄрЄъют
     Number: ═╘═╘-000002
     Date: 2025-11-09T19:00:00
     Ref_Key: de8e1a14-ecda-11f0-8964-fa163e4cc04e
     Posted: False
     ╤єььр: ═┼ ═└╔─┼═└ (фюъєьхэЄ ьюцхЄ эх ёюфхЁцрЄ№ шЄюуютющ ёєьь√)

   ─юъєьхэЄ 2:
     ╥шя: Document_┬тюф═рўры№э√ї╬ёЄрЄъют
     Number: ═╘═╘-000001
     Date: 2025-11-08T00:00:00
     Ref_Key: 7f519352-bce5-11f0-9138-fa163e4cc04e
     Posted: True
     ╤єььр: ═┼ ═└╔─┼═└ (фюъєьхэЄ ьюцхЄ эх ёюфхЁцрЄ№ шЄюуютющ ёєьь√)

   ─юъєьхэЄ 3:
     ╥шя: Document_┬тюф═рўры№э√ї╬ёЄрЄъют
     Number: ═╘═╘-000001
     Date: 2025-11-08T00:00:00
     Ref_Key: 7f519352-bce5-11f0-9138-fa163e4cc04e
     Posted: True
     ╤єььр (шч ЁхушёЄЁр): 232,360.00 Ёєс
       Period: 2023-07-31T00:00:00
       ╩юышўхёЄтю: 1

   [╚╥╬├╬] ╬с∙р  ёєььр яхЁхэюёр: 232,360.00 Ёєс

============================================================
8. ╚╥╬├╬┬█┼ ─└══█┼
============================================================

[╚╥╬├╚] ├╬╨╬─:
   ├юЁюф: ╤шьЇхЁюяюы№

[╚╥╬├╚] ╬┴┘└▀ ╤╙╠╠└ ╧╬╩╙╧╬╩:
   ═рўры№э√щ ттюф (яхЁхэюё): 232,360.00 Ёєс
   ╧юъєяъш чр уюф: 132,694.00 Ёєс
   ╚╥╬├╬: 365,054.00 Ёєс

[╚╥╬├╚] ╩╬╦╚╫┼╤╥┬╬ ┴└╦╦╬┬:
   ┴юэєёэ√х срыы√: 4806 срыыют

[╚╥╬├╚] ╚╤╥╬╨╚▀ ╧╬╩╙╧╬╩ ╥╬┬└╨╬┬:
   ┬ёхую чряшёхщ т шёЄюЁшш: 10
   ╧юърч√трхь яюёыхфэшх 20 яюъєяюъ:

   ─рЄр                 ╥ютрЁ                                              └ЁЄшъєы                        ╤єььр     ╩юы-тю
   -------------------- -------------------------------------------------- -------------------- --------------- ----------
   2026-01-16 21:01     ╠х°юўхъ ьры√щ Kalliope                             ═╘-00002276                     3.92        4.0
   2026-01-16 21:01     NEW ╧ръхЄ GLAME (silver)                           ═╘-00002275                     0.98        1.0
   2026-01-16 21:01     ┴ЁрёыхЄ Kalliope ё ■тхышЁэющ ёьюыющ схыюую ЎтхЄр   ═╘-00001238                14,579.22        1.0
   2026-01-16 21:01     ╤рыЇхЄър GLAME                                     ═╘-00002273                     1.96        2.0
   2026-01-16 21:01     ╤хЁ№уш Kalliope ръЎхэЄэ√х ё яЁючЁрўэющ ■тхышЁэющ   ═╘-00001237                16,439.57        1.0
   2026-01-16 21:01     ╤хЁ№уш Kalliope ръЎхэЄэ√х ё схыющ ■тхышЁэющ ёьюы   ═╘-00001236                16,439.56        1.0
   2026-01-16 21:01     ╠х°юўхъ GLAME ьрыхэ№ъшщ 10*12                      ═╘-00002283                     0.98        1.0
   2026-01-16 21:01     ┴ЁрёыхЄ Kalliope ё яЁючЁрўэющ ■тхышЁэющ ёьюыющ ч   ═╘-00001239                14,579.22        1.0
   2026-01-16 21:01     ╤хЁ№уш Bicolor ъюэую яюы√х т сшъюыюЁх              ═╘-00002069                 5,179.59        1.0
   2025-11-15 21:00     ╩єыюэ Bicolor ЄЁрэёЇюЁьхЁ ё Ўхя№■ Ёюыыю            ═╘-00001611                 6,486.91        1.0

============================================================
╧╨╬┬┼╨╩└ ╟└┬┼╨╪┼═└
============================================================

